// Jest Snapshot v1, https://goo.gl/fbAQLP

exports[`Rockets Component Rockets component renders correctly 1`] = `
<DocumentFragment>
  <section
    class="rockets-container"
  >
    <ul
      class="rocket-info-container"
    >
      <li>
        <img
          alt="Rocket Falcon 1 Imge"
          class="rocket-image"
          src="image-url-1"
        />
        <div
          class="rocket-info"
        >
          <h2>
            Falcon 1
          </h2>
          <p
            class="reserve-tag"
          >
            Description 1
          </p>
          <button
            class="reserve-btn"
            type="button"
          >
            Reserve rocket
          </button>
        </div>
      </li>
      <li>
        <img
          alt="Rocket Falcon 9 Imge"
          class="rocket-image"
          src="image-url-2"
        />
        <div
          class="rocket-info"
        >
          <h2>
            Falcon 9
          </h2>
          <p
            class="reserve-tag"
          >
            <span
              class="reserve-rocket-tag"
            >
              Reserved
            </span>
            Description 2
          </p>
          <button
            class="reserve-btn cancel-reserve-btn"
            type="button"
          >
            Cancel Reservation
          </button>
        </div>
      </li>
    </ul>
  </section>
</DocumentFragment>
`;
